AR encoder behavioral /home/school/ise_projs/final-year-project/EncoderV2/encoder.vhd sub00/vhpl07 1427082409
PH encoder_state_pkg NULL /home/school/ise_projs/final-year-project/EncoderV2/encoder_state_pkg.vhd sub00/vhpl04 1427082392
EN list NULL /home/school/ise_projs/final-year-project/EncoderV2/list.vhd sub00/vhpl02 1427082396
AR converter behavioral /home/school/ise_projs/final-year-project/EncoderV2/converter.vhd sub00/vhpl15 1427082407
PB size_data_pkg size_data_pkg /home/school/ise_projs/final-year-project/EncoderV2/size_data_pkg.vhd sub00/vhpl01 1427082391
AR list behavioral /home/school/ise_projs/final-year-project/EncoderV2/list.vhd sub00/vhpl03 1427082397
EN list_index_size_calc NULL /home/school/ise_projs/final-year-project/EncoderV2/list_index_size_calc.vhd sub00/vhpl20 1427082398
EN address_calculator NULL /home/school/ise_projs/final-year-project/EncoderV2/address_calculator.vhd sub00/vhpl08 1427082400
PH conversions_pkg NULL /home/school/ise_projs/final-year-project/EncoderV2/conversions_pkg.vhd sub00/vhpl18 1427082394
AR list_index_size_calc behavioral /home/school/ise_projs/final-year-project/EncoderV2/list_index_size_calc.vhd sub00/vhpl21 1427082399
EN top NULL /home/school/ise_projs/final-year-project/EncoderV2/top.vhd sub00/vhpl16 1427082410
EN encoder NULL /home/school/ise_projs/final-year-project/EncoderV2/encoder.vhd sub00/vhpl06 1427082408
EN converter NULL /home/school/ise_projs/final-year-project/EncoderV2/converter.vhd sub00/vhpl14 1427082406
AR address_calculator behavioral /home/school/ise_projs/final-year-project/EncoderV2/address_calculator.vhd sub00/vhpl09 1427082401
EN secret_ram NULL /home/school/ise_projs/final-year-project/EncoderV2/ipcore_dir/SECRET_RAM.vhd sub00/vhpl12 1427082404
AR secret_ram secret_ram_a /home/school/ise_projs/final-year-project/EncoderV2/ipcore_dir/SECRET_RAM.vhd sub00/vhpl13 1427082405
PH size_data_pkg NULL /home/school/ise_projs/final-year-project/EncoderV2/size_data_pkg.vhd sub00/vhpl00 1427082390
PB conversions_pkg conversions_pkg /home/school/ise_projs/final-year-project/EncoderV2/conversions_pkg.vhd sub00/vhpl19 1427082395
PB encoder_state_pkg encoder_state_pkg /home/school/ise_projs/final-year-project/EncoderV2/encoder_state_pkg.vhd sub00/vhpl05 1427082393
AR image_ram image_ram_a /home/school/ise_projs/final-year-project/EncoderV2/ipcore_dir/IMAGE_RAM.vhd sub00/vhpl11 1427082403
EN image_ram NULL /home/school/ise_projs/final-year-project/EncoderV2/ipcore_dir/IMAGE_RAM.vhd sub00/vhpl10 1427082402
AR top behavioral /home/school/ise_projs/final-year-project/EncoderV2/top.vhd sub00/vhpl17 1427082411
