AR encoder behavioral /home/school/ise_projs/final-year-project/EncoderV2/encoder.vhd sub00/vhpl07 1428646620
PH encoder_state_pkg NULL /home/school/ise_projs/final-year-project/EncoderV2/encoder_state_pkg.vhd sub00/vhpl04 1428646603
EN list NULL /home/school/ise_projs/final-year-project/EncoderV2/list.vhd sub00/vhpl02 1428646607
AR converter behavioral /home/school/ise_projs/final-year-project/EncoderV2/converter.vhd sub00/vhpl15 1428646618
PB size_data_pkg size_data_pkg /home/school/ise_projs/final-year-project/EncoderV2/size_data_pkg.vhd sub00/vhpl01 1428646602
AR list behavioral /home/school/ise_projs/final-year-project/EncoderV2/list.vhd sub00/vhpl03 1428646608
EN list_index_size_calc NULL /home/school/ise_projs/final-year-project/EncoderV2/list_index_size_calc.vhd sub00/vhpl20 1428646609
EN address_calculator NULL /home/school/ise_projs/final-year-project/EncoderV2/address_calculator.vhd sub00/vhpl08 1428646611
PH conversions_pkg NULL /home/school/ise_projs/final-year-project/EncoderV2/conversions_pkg.vhd sub00/vhpl18 1428646605
AR list_index_size_calc behavioral /home/school/ise_projs/final-year-project/EncoderV2/list_index_size_calc.vhd sub00/vhpl21 1428646610
EN top NULL /home/school/ise_projs/final-year-project/EncoderV2/top.vhd sub00/vhpl16 1428646621
EN encoder NULL /home/school/ise_projs/final-year-project/EncoderV2/encoder.vhd sub00/vhpl06 1428646619
EN converter NULL /home/school/ise_projs/final-year-project/EncoderV2/converter.vhd sub00/vhpl14 1428646617
AR address_calculator behavioral /home/school/ise_projs/final-year-project/EncoderV2/address_calculator.vhd sub00/vhpl09 1428646612
EN secret_ram NULL /home/school/ise_projs/final-year-project/EncoderV2/ipcore_dir/SECRET_RAM.vhd sub00/vhpl12 1428646615
AR secret_ram secret_ram_a /home/school/ise_projs/final-year-project/EncoderV2/ipcore_dir/SECRET_RAM.vhd sub00/vhpl13 1428646616
PH size_data_pkg NULL /home/school/ise_projs/final-year-project/EncoderV2/size_data_pkg.vhd sub00/vhpl00 1428646601
PB conversions_pkg conversions_pkg /home/school/ise_projs/final-year-project/EncoderV2/conversions_pkg.vhd sub00/vhpl19 1428646606
PB encoder_state_pkg encoder_state_pkg /home/school/ise_projs/final-year-project/EncoderV2/encoder_state_pkg.vhd sub00/vhpl05 1428646604
AR image_ram image_ram_a /home/school/ise_projs/final-year-project/EncoderV2/ipcore_dir/IMAGE_RAM.vhd sub00/vhpl11 1428646614
EN image_ram NULL /home/school/ise_projs/final-year-project/EncoderV2/ipcore_dir/IMAGE_RAM.vhd sub00/vhpl10 1428646613
AR top behavioral /home/school/ise_projs/final-year-project/EncoderV2/top.vhd sub00/vhpl17 1428646622
