V3 38
FL /home/school/ise_projs/final-year-project/EncoderV2/address_calculator.vhd 2015/03/20.16:27:58 P.20131013
EN work/address_calculator 1428646611 \
      FL /home/school/ise_projs/final-year-project/EncoderV2/address_calculator.vhd \
      PB ieee/std_logic_1164 1381692176 PB ieee/NUMERIC_STD 1381692181
AR work/address_calculator/Behavioral 1428646612 \
      FL /home/school/ise_projs/final-year-project/EncoderV2/address_calculator.vhd \
      EN work/address_calculator 1428646611
FL /home/school/ise_projs/final-year-project/EncoderV2/conversions_pkg.vhd 2015/03/18.23:53:51 P.20131013
PH work/conversions_pkg 1428646605 \
      FL /home/school/ise_projs/final-year-project/EncoderV2/conversions_pkg.vhd \
      PB ieee/std_logic_1164 1381692176 PB ieee/NUMERIC_STD 1381692181
PB work/conversions_pkg 1428646606 \
      FL /home/school/ise_projs/final-year-project/EncoderV2/conversions_pkg.vhd \
      PH work/conversions_pkg 1428646605
FL /home/school/ise_projs/final-year-project/EncoderV2/converter.vhd 2015/03/20.00:15:36 P.20131013
EN work/converter 1428646617 \
      FL /home/school/ise_projs/final-year-project/EncoderV2/converter.vhd \
      PB ieee/std_logic_1164 1381692176 PB work/size_data_pkg 1428646602 \
      PB ieee/NUMERIC_STD 1381692181
AR work/converter/Behavioral 1428646618 \
      FL /home/school/ise_projs/final-year-project/EncoderV2/converter.vhd \
      EN work/converter 1428646617
FL /home/school/ise_projs/final-year-project/EncoderV2/encoder.vhd 2015/03/22.23:45:46 P.20131013
EN work/encoder 1428646619 \
      FL /home/school/ise_projs/final-year-project/EncoderV2/encoder.vhd \
      PB ieee/std_logic_1164 1381692176 PB ieee/NUMERIC_STD 1381692181 \
      PB work/size_data_pkg 1428646602 PB work/encoder_state_pkg 1428646604 \
      PB work/conversions_pkg 1428646606 PB ieee/STD_LOGIC_TEXTIO 1381692180 \
      PB std/TEXTIO 1381692176
AR work/encoder/Behavioral 1428646620 \
      FL /home/school/ise_projs/final-year-project/EncoderV2/encoder.vhd \
      EN work/encoder 1428646619 AR work/list/Behavioral 1428646608 \
      AR work/list_index_size_calc/Behavioral 1428646610
FL /home/school/ise_projs/final-year-project/EncoderV2/encoder_state_pkg.vhd 2015/03/22.00:17:34 P.20131013
PH work/encoder_state_pkg 1428646603 \
      FL /home/school/ise_projs/final-year-project/EncoderV2/encoder_state_pkg.vhd \
      PB ieee/std_logic_1164 1381692176
PB work/encoder_state_pkg 1428646604 \
      FL /home/school/ise_projs/final-year-project/EncoderV2/encoder_state_pkg.vhd \
      PH work/encoder_state_pkg 1428646603
FL /home/school/ise_projs/final-year-project/EncoderV2/ipcore_dir/IMAGE_RAM.vhd 2015/03/18.13:03:41 P.20131013
EN work/IMAGE_RAM 1428646613 \
      FL /home/school/ise_projs/final-year-project/EncoderV2/ipcore_dir/IMAGE_RAM.vhd \
      PB ieee/std_logic_1164 1381692176
AR work/IMAGE_RAM/IMAGE_RAM_a 1428646614 \
      FL /home/school/ise_projs/final-year-project/EncoderV2/ipcore_dir/IMAGE_RAM.vhd \
      EN work/IMAGE_RAM 1428646613
FL /home/school/ise_projs/final-year-project/EncoderV2/ipcore_dir/SECRET_RAM.vhd 2015/03/18.13:36:54 P.20131013
EN work/SECRET_RAM 1428646615 \
      FL /home/school/ise_projs/final-year-project/EncoderV2/ipcore_dir/SECRET_RAM.vhd \
      PB ieee/std_logic_1164 1381692176
AR work/SECRET_RAM/SECRET_RAM_a 1428646616 \
      FL /home/school/ise_projs/final-year-project/EncoderV2/ipcore_dir/SECRET_RAM.vhd \
      EN work/SECRET_RAM 1428646615
FL /home/school/ise_projs/final-year-project/EncoderV2/list.vhd 2015/03/22.00:56:45 P.20131013
EN work/list 1428646607 \
      FL /home/school/ise_projs/final-year-project/EncoderV2/list.vhd \
      PB ieee/std_logic_1164 1381692176 PB work/size_data_pkg 1428646602
AR work/list/Behavioral 1428646608 \
      FL /home/school/ise_projs/final-year-project/EncoderV2/list.vhd \
      EN work/list 1428646607
FL /home/school/ise_projs/final-year-project/EncoderV2/list_index_size_calc.vhd 2015/03/21.19:10:25 P.20131013
EN work/list_index_size_calc 1428646609 \
      FL /home/school/ise_projs/final-year-project/EncoderV2/list_index_size_calc.vhd \
      PB ieee/std_logic_1164 1381692176 PB work/size_data_pkg 1428646602
AR work/list_index_size_calc/Behavioral 1428646610 \
      FL /home/school/ise_projs/final-year-project/EncoderV2/list_index_size_calc.vhd \
      EN work/list_index_size_calc 1428646609
FL /home/school/ise_projs/final-year-project/EncoderV2/size_data_pkg.vhd 2015/03/21.02:39:48 P.20131013
PH work/size_data_pkg 1428646601 \
      FL /home/school/ise_projs/final-year-project/EncoderV2/size_data_pkg.vhd \
      PB ieee/std_logic_1164 1381692176
PB work/size_data_pkg 1428646602 \
      FL /home/school/ise_projs/final-year-project/EncoderV2/size_data_pkg.vhd \
      PH work/size_data_pkg 1428646601
FL /home/school/ise_projs/final-year-project/EncoderV2/top.vhd 2015/03/22.00:38:01 P.20131013
EN work/top 1428646621 \
      FL /home/school/ise_projs/final-year-project/EncoderV2/top.vhd \
      PB ieee/std_logic_1164 1381692176 PB ieee/NUMERIC_STD 1381692181 \
      PB work/size_data_pkg 1428646602 PB work/encoder_state_pkg 1428646604
AR work/top/Behavioral 1428646622 \
      FL /home/school/ise_projs/final-year-project/EncoderV2/top.vhd EN work/top 1428646621 \
      CP address_calculator CP IMAGE_RAM CP SECRET_RAM CP converter CP encoder
