V3 38
FL /home/school/ise_projs/final-year-project/EncoderV2/address_calculator.vhd 2015/03/20.16:27:58 P.20131013
EN work/address_calculator 1427082400 \
      FL /home/school/ise_projs/final-year-project/EncoderV2/address_calculator.vhd \
      PB ieee/std_logic_1164 1381692176 PB ieee/NUMERIC_STD 1381692181
AR work/address_calculator/Behavioral 1427082401 \
      FL /home/school/ise_projs/final-year-project/EncoderV2/address_calculator.vhd \
      EN work/address_calculator 1427082400
FL /home/school/ise_projs/final-year-project/EncoderV2/conversions_pkg.vhd 2015/03/18.23:53:51 P.20131013
PH work/conversions_pkg 1427082394 \
      FL /home/school/ise_projs/final-year-project/EncoderV2/conversions_pkg.vhd \
      PB ieee/std_logic_1164 1381692176 PB ieee/NUMERIC_STD 1381692181
PB work/conversions_pkg 1427082395 \
      FL /home/school/ise_projs/final-year-project/EncoderV2/conversions_pkg.vhd \
      PH work/conversions_pkg 1427082394
FL /home/school/ise_projs/final-year-project/EncoderV2/converter.vhd 2015/03/20.00:15:36 P.20131013
EN work/converter 1427082406 \
      FL /home/school/ise_projs/final-year-project/EncoderV2/converter.vhd \
      PB ieee/std_logic_1164 1381692176 PB work/size_data_pkg 1427082391 \
      PB ieee/NUMERIC_STD 1381692181
AR work/converter/Behavioral 1427082407 \
      FL /home/school/ise_projs/final-year-project/EncoderV2/converter.vhd \
      EN work/converter 1427082406
FL /home/school/ise_projs/final-year-project/EncoderV2/encoder.vhd 2015/03/22.23:45:46 P.20131013
EN work/encoder 1427082408 \
      FL /home/school/ise_projs/final-year-project/EncoderV2/encoder.vhd \
      PB ieee/std_logic_1164 1381692176 PB ieee/NUMERIC_STD 1381692181 \
      PB work/size_data_pkg 1427082391 PB work/encoder_state_pkg 1427082393 \
      PB work/conversions_pkg 1427082395 PB ieee/STD_LOGIC_TEXTIO 1381692180 \
      PB std/TEXTIO 1381692176
AR work/encoder/Behavioral 1427082409 \
      FL /home/school/ise_projs/final-year-project/EncoderV2/encoder.vhd \
      EN work/encoder 1427082408 AR work/list/Behavioral 1427082397 \
      AR work/list_index_size_calc/Behavioral 1427082399
FL /home/school/ise_projs/final-year-project/EncoderV2/encoder_state_pkg.vhd 2015/03/22.00:17:34 P.20131013
PH work/encoder_state_pkg 1427082392 \
      FL /home/school/ise_projs/final-year-project/EncoderV2/encoder_state_pkg.vhd \
      PB ieee/std_logic_1164 1381692176
PB work/encoder_state_pkg 1427082393 \
      FL /home/school/ise_projs/final-year-project/EncoderV2/encoder_state_pkg.vhd \
      PH work/encoder_state_pkg 1427082392
FL /home/school/ise_projs/final-year-project/EncoderV2/ipcore_dir/IMAGE_RAM.vhd 2015/03/18.13:03:41 P.20131013
EN work/IMAGE_RAM 1427082402 \
      FL /home/school/ise_projs/final-year-project/EncoderV2/ipcore_dir/IMAGE_RAM.vhd \
      PB ieee/std_logic_1164 1381692176
AR work/IMAGE_RAM/IMAGE_RAM_a 1427082403 \
      FL /home/school/ise_projs/final-year-project/EncoderV2/ipcore_dir/IMAGE_RAM.vhd \
      EN work/IMAGE_RAM 1427082402
FL /home/school/ise_projs/final-year-project/EncoderV2/ipcore_dir/SECRET_RAM.vhd 2015/03/18.13:36:54 P.20131013
EN work/SECRET_RAM 1427082404 \
      FL /home/school/ise_projs/final-year-project/EncoderV2/ipcore_dir/SECRET_RAM.vhd \
      PB ieee/std_logic_1164 1381692176
AR work/SECRET_RAM/SECRET_RAM_a 1427082405 \
      FL /home/school/ise_projs/final-year-project/EncoderV2/ipcore_dir/SECRET_RAM.vhd \
      EN work/SECRET_RAM 1427082404
FL /home/school/ise_projs/final-year-project/EncoderV2/list.vhd 2015/03/22.00:56:45 P.20131013
EN work/list 1427082396 \
      FL /home/school/ise_projs/final-year-project/EncoderV2/list.vhd \
      PB ieee/std_logic_1164 1381692176 PB work/size_data_pkg 1427082391
AR work/list/Behavioral 1427082397 \
      FL /home/school/ise_projs/final-year-project/EncoderV2/list.vhd \
      EN work/list 1427082396
FL /home/school/ise_projs/final-year-project/EncoderV2/list_index_size_calc.vhd 2015/03/21.19:10:25 P.20131013
EN work/list_index_size_calc 1427082398 \
      FL /home/school/ise_projs/final-year-project/EncoderV2/list_index_size_calc.vhd \
      PB ieee/std_logic_1164 1381692176 PB work/size_data_pkg 1427082391
AR work/list_index_size_calc/Behavioral 1427082399 \
      FL /home/school/ise_projs/final-year-project/EncoderV2/list_index_size_calc.vhd \
      EN work/list_index_size_calc 1427082398
FL /home/school/ise_projs/final-year-project/EncoderV2/size_data_pkg.vhd 2015/03/21.02:39:48 P.20131013
PH work/size_data_pkg 1427082390 \
      FL /home/school/ise_projs/final-year-project/EncoderV2/size_data_pkg.vhd \
      PB ieee/std_logic_1164 1381692176
PB work/size_data_pkg 1427082391 \
      FL /home/school/ise_projs/final-year-project/EncoderV2/size_data_pkg.vhd \
      PH work/size_data_pkg 1427082390
FL /home/school/ise_projs/final-year-project/EncoderV2/top.vhd 2015/03/22.00:38:01 P.20131013
EN work/top 1427082410 \
      FL /home/school/ise_projs/final-year-project/EncoderV2/top.vhd \
      PB ieee/std_logic_1164 1381692176 PB ieee/NUMERIC_STD 1381692181 \
      PB work/size_data_pkg 1427082391 PB work/encoder_state_pkg 1427082393
AR work/top/Behavioral 1427082411 \
      FL /home/school/ise_projs/final-year-project/EncoderV2/top.vhd EN work/top 1427082410 \
      CP address_calculator CP IMAGE_RAM CP SECRET_RAM CP converter CP encoder
