EN list NULL /home/school/ise_projs/final-year-project/Decoder/list.vhd sub00/vhpl03 1428299250
EN data_controller NULL /home/school/ise_projs/final-year-project/Decoder/data_controller.vhd sub00/vhpl12 1428299256
AR data_converter data_converter_arch /home/school/ise_projs/final-year-project/Decoder/data_converter.vhd sub00/vhpl09 1428299253
AR data_ram data_ram_a /home/school/ise_projs/final-year-project/Decoder/ipcore_dir/data_ram.vhd sub00/vhpl11 1428299255
AR decoder decoder_arch /home/school/ise_projs/final-year-project/Decoder/decoder.vhd sub00/vhpl15 1428299259
EN top NULL /home/school/ise_projs/final-year-project/Decoder/top.vhd sub00/vhpl00 1428299260
EN data_converter NULL /home/school/ise_projs/final-year-project/Decoder/data_converter.vhd sub00/vhpl08 1428299252
AR list list_arch /home/school/ise_projs/final-year-project/Decoder/list.vhd sub00/vhpl04 1428299251
PH size_constraints_pkg NULL /home/school/ise_projs/final-year-project/Decoder/size_constraints_pkg.vhd sub00/vhpl01 1428299246
PB decoder_state_pkg decoder_state_pkg /home/school/ise_projs/final-year-project/Decoder/decoder_state_pkg.vhd sub00/vhpl07 1428299249
AR data_controller data_controller_arch /home/school/ise_projs/final-year-project/Decoder/data_controller.vhd sub00/vhpl13 1428299257
PH decoder_state_pkg NULL /home/school/ise_projs/final-year-project/Decoder/decoder_state_pkg.vhd sub00/vhpl06 1428299248
EN decoder NULL /home/school/ise_projs/final-year-project/Decoder/decoder.vhd sub00/vhpl14 1428299258
PB size_constraints_pkg size_constraints_pkg /home/school/ise_projs/final-year-project/Decoder/size_constraints_pkg.vhd sub00/vhpl02 1428299247
AR top behavioral /home/school/ise_projs/final-year-project/Decoder/top.vhd sub00/vhpl05 1428299261
EN data_ram NULL /home/school/ise_projs/final-year-project/Decoder/ipcore_dir/data_ram.vhd sub00/vhpl10 1428299254
