V3 29
FL /home/school/ise_projs/final-year-project/Decoder/data_controller.vhd 2015/04/06.01:47:10 P.20131013
EN work/data_controller 1428340394 \
      FL /home/school/ise_projs/final-year-project/Decoder/data_controller.vhd \
      PB ieee/std_logic_1164 1381692176 PB ieee/NUMERIC_STD 1381692181 \
      PB work/size_constraints_pkg 1428340385
AR work/data_controller/data_controller_arch 1428340395 \
      FL /home/school/ise_projs/final-year-project/Decoder/data_controller.vhd \
      EN work/data_controller 1428340394 CP data_converter CP data_ram
FL /home/school/ise_projs/final-year-project/Decoder/data_converter.vhd 2015/04/01.01:15:12 P.20131013
EN work/data_converter 1428340390 \
      FL /home/school/ise_projs/final-year-project/Decoder/data_converter.vhd \
      PB ieee/std_logic_1164 1381692176
AR work/data_converter/data_converter_arch 1428340391 \
      FL /home/school/ise_projs/final-year-project/Decoder/data_converter.vhd \
      EN work/data_converter 1428340390
FL /home/school/ise_projs/final-year-project/Decoder/decoder.vhd 2015/04/06.01:54:41 P.20131013
EN work/decoder 1428340396 \
      FL /home/school/ise_projs/final-year-project/Decoder/decoder.vhd \
      PB ieee/std_logic_1164 1381692176 PB ieee/NUMERIC_STD 1381692181 \
      PB work/size_constraints_pkg 1428340385 PB work/decoder_state_pkg 1428340387
AR work/decoder/decoder_arch 1428340397 \
      FL /home/school/ise_projs/final-year-project/Decoder/decoder.vhd \
      EN work/decoder 1428340396 CP list
FL /home/school/ise_projs/final-year-project/Decoder/decoder_state_pkg.vhd 2015/04/05.13:09:52 P.20131013
PH work/decoder_state_pkg 1428340386 \
      FL /home/school/ise_projs/final-year-project/Decoder/decoder_state_pkg.vhd \
      PB ieee/std_logic_1164 1381692176
PB work/decoder_state_pkg 1428340387 \
      FL /home/school/ise_projs/final-year-project/Decoder/decoder_state_pkg.vhd \
      PH work/decoder_state_pkg 1428340386
FL /home/school/ise_projs/final-year-project/Decoder/ipcore_dir/data_ram.vhd 2015/04/05.18:36:12 P.20131013
EN work/data_ram 1428340392 \
      FL /home/school/ise_projs/final-year-project/Decoder/ipcore_dir/data_ram.vhd \
      PB ieee/std_logic_1164 1381692176
AR work/data_ram/data_ram_a 1428340393 \
      FL /home/school/ise_projs/final-year-project/Decoder/ipcore_dir/data_ram.vhd \
      EN work/data_ram 1428340392
FL /home/school/ise_projs/final-year-project/Decoder/list.vhd 2015/04/02.10:27:45 P.20131013
EN work/list 1428340388 \
      FL /home/school/ise_projs/final-year-project/Decoder/list.vhd \
      PB ieee/std_logic_1164 1381692176 PB work/size_constraints_pkg 1428340385
AR work/list/list_arch 1428340389 \
      FL /home/school/ise_projs/final-year-project/Decoder/list.vhd EN work/list 1428340388
FL /home/school/ise_projs/final-year-project/Decoder/size_constraints_pkg.vhd 2015/04/05.20:45:57 P.20131013
PH work/size_constraints_pkg 1428340384 \
      FL /home/school/ise_projs/final-year-project/Decoder/size_constraints_pkg.vhd \
      PB ieee/std_logic_1164 1381692176
PB work/size_constraints_pkg 1428340385 \
      FL /home/school/ise_projs/final-year-project/Decoder/size_constraints_pkg.vhd \
      PH work/size_constraints_pkg 1428340384
FL /home/school/ise_projs/final-year-project/Decoder/top.vhd 2015/04/02.10:58:37 P.20131013
EN work/top 1428340398 \
      FL /home/school/ise_projs/final-year-project/Decoder/top.vhd \
      PB ieee/std_logic_1164 1381692176 PB work/size_constraints_pkg 1428340385
AR work/top/Behavioral 1428340399 \
      FL /home/school/ise_projs/final-year-project/Decoder/top.vhd EN work/top 1428340398 \
      CP data_controller CP decoder
