EN list NULL /home/school/ise_projs/final-year-project/Encoder/list.vhd sub00/vhpl03 1426544874
AR list behavioral /home/school/ise_projs/final-year-project/Encoder/list.vhd sub00/vhpl04 1426544875
PH globals NULL /home/school/ise_projs/final-year-project/Encoder/globals.vhd sub00/vhpl00 1426544872
AR main my_main /home/school/ise_projs/final-year-project/Encoder/main.vhd sub00/vhpl05 1426544877
EN main NULL /home/school/ise_projs/final-year-project/Encoder/main.vhd sub00/vhpl02 1426544876
PB globals globals /home/school/ise_projs/final-year-project/Encoder/globals.vhd sub00/vhpl01 1426544873
