V3 9
FL /home/school/ise_projs/final-year-project/Encoder/globals.vhd 2015/03/16.15:51:21 P.20131013
PH work/globals 1426544872 \
      FL /home/school/ise_projs/final-year-project/Encoder/globals.vhd \
      PB ieee/std_logic_1164 1381692176 PB ieee/NUMERIC_STD 1381692181
PB work/globals 1426544873 \
      FL /home/school/ise_projs/final-year-project/Encoder/globals.vhd \
      PH work/globals 1426544872
FL /home/school/ise_projs/final-year-project/Encoder/list.vhd 2015/03/15.18:10:29 P.20131013
EN work/list 1426544874 \
      FL /home/school/ise_projs/final-year-project/Encoder/list.vhd \
      PB ieee/std_logic_1164 1381692176 PB work/globals 1426544873
AR work/list/Behavioral 1426544875 \
      FL /home/school/ise_projs/final-year-project/Encoder/list.vhd EN work/list 1426544874
FL /home/school/ise_projs/final-year-project/Encoder/main.vhd 2015/03/16.18:00:02 P.20131013
EN work/main 1426544876 \
      FL /home/school/ise_projs/final-year-project/Encoder/main.vhd \
      PB ieee/std_logic_1164 1381692176 PB ieee/NUMERIC_STD 1381692181 \
      PB work/globals 1426544873 PB ieee/MATH_REAL 1381692182 PB std/TEXTIO 1381692176
AR work/main/My_Main 1426544877 \
      FL /home/school/ise_projs/final-year-project/Encoder/main.vhd EN work/main 1426544876 \
      AR work/list/Behavioral 1426544875
